polyorb_hi-thread_interrogators.adb:157:49:WAIT_EVENT_B348B	8	static
polyorb_hi-thread_interrogators.adb:84:14:GLOBAL_QUEUETF	8	static
polyorb_hi-thread_interrogators.adb:157:49:WAIT_EVENT_B541B	8	static
polyorb_hi-thread_interrogators.adb:84:14:GLOBAL_QUEUETF	8	static
polyorb_hi-thread_interrogators.adb:157:49:WAIT_EVENT_B734B	8	static
polyorb_hi-thread_interrogators.adb:84:14:GLOBAL_QUEUETF	8	static
polyorb_hi-thread_interrogators.adb:157:49:WAIT_EVENT_B927B	8	static
polyorb_hi-thread_interrogators.adb:84:14:GLOBAL_QUEUETF	8	static
polyorb_hi-thread_interrogators.adb:157:49:WAIT_EVENT_B1120B	8	static
polyorb_hi-thread_interrogators.adb:84:14:GLOBAL_QUEUETF	8	static
polyorb_hi_generated-activity.ads:29:3:Surveillance_System_Alarm_Activator_Impl_Interfaced2	8	static
polyorb_hi_generated-activity.ads:29:3:Surveillance_System_Alarm_Activator_Impl_Interfaced3	8	static
polyorb_hi_generated-activity.ads:29:3:Surveillance_System_Alarm_Activator_Impl_Interfaced4	8	static
polyorb_hi_generated-activity.ads:29:3:Surveillance_System_Alarm_Activator_Impl_Interfaced5	8	static
polyorb_hi_generated-activity.ads:29:8:Surveillance_System_Alarm_Activator_Impl_Interfaceeq	8	static
polyorb_hi_generated-activity.ads:29:8:Surveillance_System_Alarm_Activator_Impl_Interfaceip	8	static
polyorb_hi_generated-activity.ads:115:3:Surveillance_System_Detector_Impl_Interfaced2	8	static
polyorb_hi_generated-activity.ads:115:8:Surveillance_System_Detector_Impl_Interfaceeq	8	static
polyorb_hi_generated-activity.ads:115:8:Surveillance_System_Detector_Impl_Interfaceip	8	static
polyorb_hi_generated-activity.ads:197:3:Surveillance_System_Detector_Impl1_Interfaced2	8	static
polyorb_hi_generated-activity.ads:197:8:Surveillance_System_Detector_Impl1_Interfaceeq	8	static
polyorb_hi_generated-activity.ads:197:8:Surveillance_System_Detector_Impl1_Interfaceip	8	static
polyorb_hi_generated-activity.ads:279:3:Surveillance_System_Detector_Impl2_Interfaced2	8	static
polyorb_hi_generated-activity.ads:279:8:Surveillance_System_Detector_Impl2_Interfaceeq	8	static
polyorb_hi_generated-activity.ads:279:8:Surveillance_System_Detector_Impl2_Interfaceip	8	static
polyorb_hi_generated-activity.ads:362:3:Surveillance_System_Rfid_Thread_Impl_Interfaced2	8	static
polyorb_hi_generated-activity.ads:362:8:Surveillance_System_Rfid_Thread_Impl_Interfaceeq	8	static
polyorb_hi_generated-activity.ads:362:8:Surveillance_System_Rfid_Thread_Impl_Interfaceip	8	static
polyorb_hi-unprotected_queue.adb:63:4:Read_Eventxnb	8	static
polyorb_hi-thread_interrogators.adb:157:7:WAIT_EVENT_E347B	32	static
polyorb_hi-unprotected_queue.adb:86:4:Dequeuexnb	32	static
polyorb_hi-unprotected_queue.adb:220:4:Read_Outxnb	8	static
polyorb_hi-unprotected_queue.adb:238:4:Is_Invalidxnb	8	static
polyorb_hi-unprotected_queue.adb:247:4:Set_Invalidxnb	16	static
polyorb_hi-unprotected_queue.adb:578:4:Store_Outxnb	16	static
polyorb_hi-unprotected_queue.adb:615:4:Countxnb	16	static
polyorb_hi-unprotected_queue.adb:688:4:Get_Most_Recent_Valuexnb	48	static
polyorb_hi-unprotected_queue.adb:170:4:Read_Inxnb	32	static
polyorb_hi-unprotected_queue.adb:825:4:Set_Most_Recent_Valuexnb	64	static
polyorb_hi-unprotected_queue.adb:264:4:Store_Inxnb	64	dynamic,bounded
polyorb_hi-unprotected_queue.adb:972:4:Get_Time_Stampxnb	8	static
polyorb_hi-unprotected_queue.adb:987:4:H_Increment_Firstxnb	16	static
polyorb_hi-unprotected_queue.adb:1007:4:H_Increment_Lastxnb	16	static
polyorb_hi-unprotected_queue.ads:124:9:Port_Stream_Entryipxnb	8	static
polyorb_hi-unprotected_queue.ads:153:4:Tbig_Port_Stream_Arraybipxnb	8	static
polyorb_hi-unprotected_queue.ads:161:4:Tport_Index_Arraybipxnb	8	static
polyorb_hi-unprotected_queue.ads:171:4:Tboolean_Arraybipxnb	8	static
polyorb_hi-unprotected_queue.ads:155:4:Tbig_Port_Type_Arraybipxnb	8	static
polyorb_hi-unprotected_queue.ads:146:4:Tport_Stream_Arraybipxnb	8	static
polyorb_hi-unprotected_queue.ads:172:4:Ttime_Arraybipxnb	8	static
polyorb_hi-thread_interrogators.adb:84:4:GLOBAL_QUEUETVDI	8	static
polyorb_hi-thread_interrogators.adb:84:4:GLOBAL_QUEUETVDF	32	static
polyorb_hi-thread_interrogators.adb:84:4:GLOBAL_QUEUETVFD	16	static
polyorb_hi-thread_interrogators.adb:84:4:GLOBAL_QUEUETVIP	64	dynamic,bounded
polyorb_hi-thread_interrogators.adb:87:7:P343BIP	8	static
polyorb_hi-thread_interrogators.adb:174:7:READ_EVENTN	16	static
polyorb_hi-thread_interrogators.adb:174:7:READ_EVENTP	32	static
polyorb_hi-thread_interrogators.adb:183:7:DEQUEUEN	16	static
polyorb_hi-thread_interrogators.adb:183:7:DEQUEUEP	32	static
polyorb_hi-thread_interrogators.adb:192:7:READ_INN	16	static
polyorb_hi-thread_interrogators.adb:192:7:READ_INP	32	static
polyorb_hi-thread_interrogators.adb:201:7:READ_OUTN	8	static
polyorb_hi-thread_interrogators.adb:201:7:READ_OUTP	32	static
polyorb_hi-thread_interrogators.adb:210:7:IS_INVALIDN	8	static
polyorb_hi-thread_interrogators.adb:210:7:IS_INVALIDP	32	static
polyorb_hi-thread_interrogators.adb:219:7:SET_INVALIDN	16	static
polyorb_hi-thread_interrogators.adb:219:7:SET_INVALIDP	32	static
polyorb_hi-thread_interrogators.adb:228:7:STORE_INN	16	static
polyorb_hi-thread_interrogators.adb:228:7:STORE_INP	48	static
polyorb_hi-thread_interrogators.adb:239:7:STORE_OUTN	16	static
polyorb_hi-thread_interrogators.adb:239:7:STORE_OUTP	48	static
polyorb_hi-thread_interrogators.adb:250:7:COUNTN	16	static
polyorb_hi-thread_interrogators.adb:250:7:COUNTP	32	static
polyorb_hi-thread_interrogators.adb:259:7:GET_TIME_STAMPN	8	static
polyorb_hi-thread_interrogators.adb:259:7:GET_TIME_STAMPP	32	static
polyorb_hi-thread_interrogators.adb:276:4:SEND_OUTPUT	160	dynamic
polyorb_hi-thread_interrogators.adb:369:4:PUT_VALUE	16	static
polyorb_hi-thread_interrogators.adb:382:4:RECEIVE_INPUT	8	static
polyorb_hi-thread_interrogators.adb:392:4:GET_VALUE	32	static
polyorb_hi-thread_interrogators.adb:406:4:GET_VALUE	80	dynamic
polyorb_hi-thread_interrogators.adb:422:4:GET_SENDER	16	static
polyorb_hi-thread_interrogators.adb:438:4:GET_COUNT	16	static
polyorb_hi-thread_interrogators.adb:454:4:NEXT_VALUE	16	static
polyorb_hi-thread_interrogators.adb:468:4:WAIT_FOR_INCOMING_EVENTS	48	static
polyorb_hi-thread_interrogators.adb:486:4:GET_NEXT_EVENT	16	static
polyorb_hi-thread_interrogators.adb:514:4:STORE_RECEIVED_MESSAGE	16	static
polyorb_hi-thread_interrogators.adb:532:4:GET_TIME_STAMP	16	static
polyorb_hi-unprotected_queue.adb:63:4:Read_Eventxnb	8	static
polyorb_hi-thread_interrogators.adb:157:7:WAIT_EVENT_E540B	32	static
polyorb_hi-unprotected_queue.adb:86:4:Dequeuexnb	32	static
polyorb_hi-unprotected_queue.adb:220:4:Read_Outxnb	8	static
polyorb_hi-unprotected_queue.adb:238:4:Is_Invalidxnb	8	static
polyorb_hi-unprotected_queue.adb:247:4:Set_Invalidxnb	16	static
polyorb_hi-unprotected_queue.adb:578:4:Store_Outxnb	16	static
polyorb_hi-unprotected_queue.adb:615:4:Countxnb	16	static
polyorb_hi-unprotected_queue.adb:688:4:Get_Most_Recent_Valuexnb	48	static
polyorb_hi-unprotected_queue.adb:170:4:Read_Inxnb	32	static
polyorb_hi-unprotected_queue.adb:825:4:Set_Most_Recent_Valuexnb	64	static
polyorb_hi-unprotected_queue.adb:264:4:Store_Inxnb	64	dynamic,bounded
polyorb_hi-unprotected_queue.adb:972:4:Get_Time_Stampxnb	8	static
polyorb_hi-unprotected_queue.adb:987:4:H_Increment_Firstxnb	16	static
polyorb_hi-unprotected_queue.adb:1007:4:H_Increment_Lastxnb	16	static
polyorb_hi-unprotected_queue.ads:124:9:Port_Stream_Entryipxnb	8	static
polyorb_hi-unprotected_queue.ads:153:4:Tbig_Port_Stream_Arraybipxnb	8	static
polyorb_hi-unprotected_queue.ads:161:4:Tport_Index_Arraybipxnb	8	static
polyorb_hi-unprotected_queue.ads:171:4:Tboolean_Arraybipxnb	8	static
polyorb_hi-unprotected_queue.ads:155:4:Tbig_Port_Type_Arraybipxnb	8	static
polyorb_hi-unprotected_queue.ads:146:4:Tport_Stream_Arraybipxnb	8	static
polyorb_hi-unprotected_queue.ads:172:4:Ttime_Arraybipxnb	8	static
polyorb_hi-thread_interrogators.adb:84:4:GLOBAL_QUEUETVDI	8	static
polyorb_hi-thread_interrogators.adb:84:4:GLOBAL_QUEUETVDF	32	static
polyorb_hi-thread_interrogators.adb:84:4:GLOBAL_QUEUETVFD	16	static
polyorb_hi-thread_interrogators.adb:84:4:GLOBAL_QUEUETVIP	64	dynamic,bounded
polyorb_hi-thread_interrogators.adb:87:7:P536BIP	8	static
polyorb_hi-thread_interrogators.adb:174:7:READ_EVENTN	16	static
polyorb_hi-thread_interrogators.adb:174:7:READ_EVENTP	32	static
polyorb_hi-thread_interrogators.adb:183:7:DEQUEUEN	16	static
polyorb_hi-thread_interrogators.adb:183:7:DEQUEUEP	32	static
polyorb_hi-thread_interrogators.adb:192:7:READ_INN	16	static
polyorb_hi-thread_interrogators.adb:192:7:READ_INP	32	static
polyorb_hi-thread_interrogators.adb:201:7:READ_OUTN	8	static
polyorb_hi-thread_interrogators.adb:201:7:READ_OUTP	32	static
polyorb_hi-thread_interrogators.adb:210:7:IS_INVALIDN	8	static
polyorb_hi-thread_interrogators.adb:210:7:IS_INVALIDP	32	static
polyorb_hi-thread_interrogators.adb:219:7:SET_INVALIDN	16	static
polyorb_hi-thread_interrogators.adb:219:7:SET_INVALIDP	32	static
polyorb_hi-thread_interrogators.adb:228:7:STORE_INN	16	static
polyorb_hi-thread_interrogators.adb:228:7:STORE_INP	48	static
polyorb_hi-thread_interrogators.adb:239:7:STORE_OUTN	16	static
polyorb_hi-thread_interrogators.adb:239:7:STORE_OUTP	48	static
polyorb_hi-thread_interrogators.adb:250:7:COUNTN	16	static
polyorb_hi-thread_interrogators.adb:250:7:COUNTP	32	static
polyorb_hi-thread_interrogators.adb:259:7:GET_TIME_STAMPN	8	static
polyorb_hi-thread_interrogators.adb:259:7:GET_TIME_STAMPP	32	static
polyorb_hi-thread_interrogators.adb:276:4:SEND_OUTPUT	112	static
polyorb_hi-thread_interrogators.adb:369:4:PUT_VALUE	16	static
polyorb_hi-thread_interrogators.adb:382:4:RECEIVE_INPUT	8	static
polyorb_hi-thread_interrogators.adb:392:4:GET_VALUE	32	static
polyorb_hi-thread_interrogators.adb:406:4:GET_VALUE	48	static
polyorb_hi-thread_interrogators.adb:422:4:GET_SENDER	16	static
polyorb_hi-thread_interrogators.adb:438:4:GET_COUNT	16	static
polyorb_hi-thread_interrogators.adb:454:4:NEXT_VALUE	16	static
polyorb_hi-thread_interrogators.adb:468:4:WAIT_FOR_INCOMING_EVENTS	48	static
polyorb_hi-thread_interrogators.adb:486:4:GET_NEXT_EVENT	16	static
polyorb_hi-thread_interrogators.adb:514:4:STORE_RECEIVED_MESSAGE	16	static
polyorb_hi-thread_interrogators.adb:532:4:GET_TIME_STAMP	16	static
polyorb_hi-unprotected_queue.adb:63:4:Read_Eventxnb	8	static
polyorb_hi-thread_interrogators.adb:157:7:WAIT_EVENT_E733B	32	static
polyorb_hi-unprotected_queue.adb:86:4:Dequeuexnb	32	static
polyorb_hi-unprotected_queue.adb:220:4:Read_Outxnb	8	static
polyorb_hi-unprotected_queue.adb:238:4:Is_Invalidxnb	8	static
polyorb_hi-unprotected_queue.adb:247:4:Set_Invalidxnb	16	static
polyorb_hi-unprotected_queue.adb:578:4:Store_Outxnb	16	static
polyorb_hi-unprotected_queue.adb:615:4:Countxnb	16	static
polyorb_hi-unprotected_queue.adb:688:4:Get_Most_Recent_Valuexnb	48	static
polyorb_hi-unprotected_queue.adb:170:4:Read_Inxnb	32	static
polyorb_hi-unprotected_queue.adb:825:4:Set_Most_Recent_Valuexnb	64	static
polyorb_hi-unprotected_queue.adb:264:4:Store_Inxnb	64	dynamic,bounded
polyorb_hi-unprotected_queue.adb:972:4:Get_Time_Stampxnb	8	static
polyorb_hi-unprotected_queue.adb:987:4:H_Increment_Firstxnb	16	static
polyorb_hi-unprotected_queue.adb:1007:4:H_Increment_Lastxnb	16	static
polyorb_hi-unprotected_queue.ads:124:9:Port_Stream_Entryipxnb	8	static
polyorb_hi-unprotected_queue.ads:153:4:Tbig_Port_Stream_Arraybipxnb	8	static
polyorb_hi-unprotected_queue.ads:161:4:Tport_Index_Arraybipxnb	8	static
polyorb_hi-unprotected_queue.ads:171:4:Tboolean_Arraybipxnb	8	static
polyorb_hi-unprotected_queue.ads:155:4:Tbig_Port_Type_Arraybipxnb	8	static
polyorb_hi-unprotected_queue.ads:146:4:Tport_Stream_Arraybipxnb	8	static
polyorb_hi-unprotected_queue.ads:172:4:Ttime_Arraybipxnb	8	static
polyorb_hi-thread_interrogators.adb:84:4:GLOBAL_QUEUETVDI	8	static
polyorb_hi-thread_interrogators.adb:84:4:GLOBAL_QUEUETVDF	32	static
polyorb_hi-thread_interrogators.adb:84:4:GLOBAL_QUEUETVFD	16	static
polyorb_hi-thread_interrogators.adb:84:4:GLOBAL_QUEUETVIP	64	dynamic,bounded
polyorb_hi-thread_interrogators.adb:87:7:P729BIP	8	static
polyorb_hi-thread_interrogators.adb:174:7:READ_EVENTN	16	static
polyorb_hi-thread_interrogators.adb:174:7:READ_EVENTP	32	static
polyorb_hi-thread_interrogators.adb:183:7:DEQUEUEN	16	static
polyorb_hi-thread_interrogators.adb:183:7:DEQUEUEP	32	static
polyorb_hi-thread_interrogators.adb:192:7:READ_INN	16	static
polyorb_hi-thread_interrogators.adb:192:7:READ_INP	32	static
polyorb_hi-thread_interrogators.adb:201:7:READ_OUTN	8	static
polyorb_hi-thread_interrogators.adb:201:7:READ_OUTP	32	static
polyorb_hi-thread_interrogators.adb:210:7:IS_INVALIDN	8	static
polyorb_hi-thread_interrogators.adb:210:7:IS_INVALIDP	32	static
polyorb_hi-thread_interrogators.adb:219:7:SET_INVALIDN	16	static
polyorb_hi-thread_interrogators.adb:219:7:SET_INVALIDP	32	static
polyorb_hi-thread_interrogators.adb:228:7:STORE_INN	16	static
polyorb_hi-thread_interrogators.adb:228:7:STORE_INP	48	static
polyorb_hi-thread_interrogators.adb:239:7:STORE_OUTN	16	static
polyorb_hi-thread_interrogators.adb:239:7:STORE_OUTP	48	static
polyorb_hi-thread_interrogators.adb:250:7:COUNTN	16	static
polyorb_hi-thread_interrogators.adb:250:7:COUNTP	32	static
polyorb_hi-thread_interrogators.adb:259:7:GET_TIME_STAMPN	8	static
polyorb_hi-thread_interrogators.adb:259:7:GET_TIME_STAMPP	32	static
polyorb_hi-thread_interrogators.adb:276:4:SEND_OUTPUT	112	static
polyorb_hi-thread_interrogators.adb:369:4:PUT_VALUE	16	static
polyorb_hi-thread_interrogators.adb:382:4:RECEIVE_INPUT	8	static
polyorb_hi-thread_interrogators.adb:392:4:GET_VALUE	32	static
polyorb_hi-thread_interrogators.adb:406:4:GET_VALUE	48	static
polyorb_hi-thread_interrogators.adb:422:4:GET_SENDER	16	static
polyorb_hi-thread_interrogators.adb:438:4:GET_COUNT	16	static
polyorb_hi-thread_interrogators.adb:454:4:NEXT_VALUE	16	static
polyorb_hi-thread_interrogators.adb:468:4:WAIT_FOR_INCOMING_EVENTS	48	static
polyorb_hi-thread_interrogators.adb:486:4:GET_NEXT_EVENT	16	static
polyorb_hi-thread_interrogators.adb:514:4:STORE_RECEIVED_MESSAGE	16	static
polyorb_hi-thread_interrogators.adb:532:4:GET_TIME_STAMP	16	static
polyorb_hi-unprotected_queue.adb:63:4:Read_Eventxnb	8	static
polyorb_hi-thread_interrogators.adb:157:7:WAIT_EVENT_E926B	32	static
polyorb_hi-unprotected_queue.adb:86:4:Dequeuexnb	32	static
polyorb_hi-unprotected_queue.adb:220:4:Read_Outxnb	8	static
polyorb_hi-unprotected_queue.adb:238:4:Is_Invalidxnb	8	static
polyorb_hi-unprotected_queue.adb:247:4:Set_Invalidxnb	16	static
polyorb_hi-unprotected_queue.adb:578:4:Store_Outxnb	16	static
polyorb_hi-unprotected_queue.adb:615:4:Countxnb	16	static
polyorb_hi-unprotected_queue.adb:688:4:Get_Most_Recent_Valuexnb	48	static
polyorb_hi-unprotected_queue.adb:170:4:Read_Inxnb	32	static
polyorb_hi-unprotected_queue.adb:825:4:Set_Most_Recent_Valuexnb	64	static
polyorb_hi-unprotected_queue.adb:264:4:Store_Inxnb	64	dynamic,bounded
polyorb_hi-unprotected_queue.adb:972:4:Get_Time_Stampxnb	8	static
polyorb_hi-unprotected_queue.adb:987:4:H_Increment_Firstxnb	16	static
polyorb_hi-unprotected_queue.adb:1007:4:H_Increment_Lastxnb	16	static
polyorb_hi-unprotected_queue.ads:124:9:Port_Stream_Entryipxnb	8	static
polyorb_hi-unprotected_queue.ads:153:4:Tbig_Port_Stream_Arraybipxnb	8	static
polyorb_hi-unprotected_queue.ads:161:4:Tport_Index_Arraybipxnb	8	static
polyorb_hi-unprotected_queue.ads:171:4:Tboolean_Arraybipxnb	8	static
polyorb_hi-unprotected_queue.ads:155:4:Tbig_Port_Type_Arraybipxnb	8	static
polyorb_hi-unprotected_queue.ads:146:4:Tport_Stream_Arraybipxnb	8	static
polyorb_hi-unprotected_queue.ads:172:4:Ttime_Arraybipxnb	8	static
polyorb_hi-thread_interrogators.adb:84:4:GLOBAL_QUEUETVDI	8	static
polyorb_hi-thread_interrogators.adb:84:4:GLOBAL_QUEUETVDF	32	static
polyorb_hi-thread_interrogators.adb:84:4:GLOBAL_QUEUETVFD	16	static
polyorb_hi-thread_interrogators.adb:84:4:GLOBAL_QUEUETVIP	64	dynamic,bounded
polyorb_hi-thread_interrogators.adb:87:7:P922BIP	8	static
polyorb_hi-thread_interrogators.adb:174:7:READ_EVENTN	16	static
polyorb_hi-thread_interrogators.adb:174:7:READ_EVENTP	32	static
polyorb_hi-thread_interrogators.adb:183:7:DEQUEUEN	16	static
polyorb_hi-thread_interrogators.adb:183:7:DEQUEUEP	32	static
polyorb_hi-thread_interrogators.adb:192:7:READ_INN	16	static
polyorb_hi-thread_interrogators.adb:192:7:READ_INP	32	static
polyorb_hi-thread_interrogators.adb:201:7:READ_OUTN	8	static
polyorb_hi-thread_interrogators.adb:201:7:READ_OUTP	32	static
polyorb_hi-thread_interrogators.adb:210:7:IS_INVALIDN	8	static
polyorb_hi-thread_interrogators.adb:210:7:IS_INVALIDP	32	static
polyorb_hi-thread_interrogators.adb:219:7:SET_INVALIDN	16	static
polyorb_hi-thread_interrogators.adb:219:7:SET_INVALIDP	32	static
polyorb_hi-thread_interrogators.adb:228:7:STORE_INN	16	static
polyorb_hi-thread_interrogators.adb:228:7:STORE_INP	48	static
polyorb_hi-thread_interrogators.adb:239:7:STORE_OUTN	16	static
polyorb_hi-thread_interrogators.adb:239:7:STORE_OUTP	48	static
polyorb_hi-thread_interrogators.adb:250:7:COUNTN	16	static
polyorb_hi-thread_interrogators.adb:250:7:COUNTP	32	static
polyorb_hi-thread_interrogators.adb:259:7:GET_TIME_STAMPN	8	static
polyorb_hi-thread_interrogators.adb:259:7:GET_TIME_STAMPP	32	static
polyorb_hi-thread_interrogators.adb:276:4:SEND_OUTPUT	112	static
polyorb_hi-thread_interrogators.adb:369:4:PUT_VALUE	16	static
polyorb_hi-thread_interrogators.adb:382:4:RECEIVE_INPUT	8	static
polyorb_hi-thread_interrogators.adb:392:4:GET_VALUE	32	static
polyorb_hi-thread_interrogators.adb:406:4:GET_VALUE	48	static
polyorb_hi-thread_interrogators.adb:422:4:GET_SENDER	16	static
polyorb_hi-thread_interrogators.adb:438:4:GET_COUNT	16	static
polyorb_hi-thread_interrogators.adb:454:4:NEXT_VALUE	16	static
polyorb_hi-thread_interrogators.adb:468:4:WAIT_FOR_INCOMING_EVENTS	48	static
polyorb_hi-thread_interrogators.adb:486:4:GET_NEXT_EVENT	16	static
polyorb_hi-thread_interrogators.adb:514:4:STORE_RECEIVED_MESSAGE	16	static
polyorb_hi-thread_interrogators.adb:532:4:GET_TIME_STAMP	16	static
polyorb_hi-unprotected_queue.adb:63:4:Read_Eventxnb	8	static
polyorb_hi-thread_interrogators.adb:157:7:WAIT_EVENT_E1119B	32	static
polyorb_hi-unprotected_queue.adb:86:4:Dequeuexnb	32	static
polyorb_hi-unprotected_queue.adb:220:4:Read_Outxnb	8	static
polyorb_hi-unprotected_queue.adb:238:4:Is_Invalidxnb	8	static
polyorb_hi-unprotected_queue.adb:247:4:Set_Invalidxnb	16	static
polyorb_hi-unprotected_queue.adb:578:4:Store_Outxnb	16	static
polyorb_hi-unprotected_queue.adb:615:4:Countxnb	16	static
polyorb_hi-unprotected_queue.adb:688:4:Get_Most_Recent_Valuexnb	48	static
polyorb_hi-unprotected_queue.adb:170:4:Read_Inxnb	32	static
polyorb_hi-unprotected_queue.adb:825:4:Set_Most_Recent_Valuexnb	64	static
polyorb_hi-unprotected_queue.adb:264:4:Store_Inxnb	64	dynamic,bounded
polyorb_hi-unprotected_queue.adb:972:4:Get_Time_Stampxnb	8	static
polyorb_hi-unprotected_queue.adb:987:4:H_Increment_Firstxnb	16	static
polyorb_hi-unprotected_queue.adb:1007:4:H_Increment_Lastxnb	16	static
polyorb_hi-unprotected_queue.ads:124:9:Port_Stream_Entryipxnb	8	static
polyorb_hi-unprotected_queue.ads:153:4:Tbig_Port_Stream_Arraybipxnb	8	static
polyorb_hi-unprotected_queue.ads:161:4:Tport_Index_Arraybipxnb	8	static
polyorb_hi-unprotected_queue.ads:171:4:Tboolean_Arraybipxnb	8	static
polyorb_hi-unprotected_queue.ads:155:4:Tbig_Port_Type_Arraybipxnb	8	static
polyorb_hi-unprotected_queue.ads:146:4:Tport_Stream_Arraybipxnb	8	static
polyorb_hi-unprotected_queue.ads:172:4:Ttime_Arraybipxnb	8	static
polyorb_hi-thread_interrogators.adb:84:4:GLOBAL_QUEUETVDI	8	static
polyorb_hi-thread_interrogators.adb:84:4:GLOBAL_QUEUETVDF	32	static
polyorb_hi-thread_interrogators.adb:84:4:GLOBAL_QUEUETVFD	16	static
polyorb_hi-thread_interrogators.adb:84:4:GLOBAL_QUEUETVIP	64	dynamic,bounded
polyorb_hi-thread_interrogators.adb:87:7:P1115BIP	8	static
polyorb_hi-thread_interrogators.adb:174:7:READ_EVENTN	16	static
polyorb_hi-thread_interrogators.adb:174:7:READ_EVENTP	32	static
polyorb_hi-thread_interrogators.adb:183:7:DEQUEUEN	16	static
polyorb_hi-thread_interrogators.adb:183:7:DEQUEUEP	32	static
polyorb_hi-thread_interrogators.adb:192:7:READ_INN	16	static
polyorb_hi-thread_interrogators.adb:192:7:READ_INP	32	static
polyorb_hi-thread_interrogators.adb:201:7:READ_OUTN	8	static
polyorb_hi-thread_interrogators.adb:201:7:READ_OUTP	32	static
polyorb_hi-thread_interrogators.adb:210:7:IS_INVALIDN	8	static
polyorb_hi-thread_interrogators.adb:210:7:IS_INVALIDP	32	static
polyorb_hi-thread_interrogators.adb:219:7:SET_INVALIDN	16	static
polyorb_hi-thread_interrogators.adb:219:7:SET_INVALIDP	32	static
polyorb_hi-thread_interrogators.adb:228:7:STORE_INN	16	static
polyorb_hi-thread_interrogators.adb:228:7:STORE_INP	48	static
polyorb_hi-thread_interrogators.adb:239:7:STORE_OUTN	16	static
polyorb_hi-thread_interrogators.adb:239:7:STORE_OUTP	48	static
polyorb_hi-thread_interrogators.adb:250:7:COUNTN	16	static
polyorb_hi-thread_interrogators.adb:250:7:COUNTP	32	static
polyorb_hi-thread_interrogators.adb:259:7:GET_TIME_STAMPN	8	static
polyorb_hi-thread_interrogators.adb:259:7:GET_TIME_STAMPP	32	static
polyorb_hi-thread_interrogators.adb:276:4:SEND_OUTPUT	112	static
polyorb_hi-thread_interrogators.adb:369:4:PUT_VALUE	16	static
polyorb_hi-thread_interrogators.adb:382:4:RECEIVE_INPUT	8	static
polyorb_hi-thread_interrogators.adb:392:4:GET_VALUE	32	static
polyorb_hi-thread_interrogators.adb:406:4:GET_VALUE	48	static
polyorb_hi-thread_interrogators.adb:422:4:GET_SENDER	16	static
polyorb_hi-thread_interrogators.adb:438:4:GET_COUNT	16	static
polyorb_hi-thread_interrogators.adb:454:4:NEXT_VALUE	16	static
polyorb_hi-thread_interrogators.adb:468:4:WAIT_FOR_INCOMING_EVENTS	48	static
polyorb_hi-thread_interrogators.adb:486:4:GET_NEXT_EVENT	16	static
polyorb_hi-thread_interrogators.adb:514:4:STORE_RECEIVED_MESSAGE	16	static
polyorb_hi-thread_interrogators.adb:532:4:GET_TIME_STAMP	16	static
polyorb_hi_generated-activity.adb:27:3:Tsurveillance_System_Alarm_Activator_Impl_Port_Kind_Arraybip	8	static
polyorb_hi_generated-activity.adb:38:3:Tsurveillance_System_Alarm_Activator_Impl_Port_Image_Arraybip	8	static
polyorb_hi_generated-activity.adb:23:3:Tsurveillance_System_Alarm_Activator_Impl_Integer_Arraybip	8	static
polyorb_hi_generated-activity.adb:46:3:Tsurveillance_System_Alarm_Activator_Impl_Overflow_Protocol_Arraybip	8	static
polyorb_hi_generated-activity.adb:42:3:Tsurveillance_System_Alarm_Activator_Impl_Address_Arraybip	8	static
polyorb_hi_generated-activity.adb:188:3:Tsurveillance_System_Detector_Impl_Port_Kind_Arraybip	8	static
polyorb_hi_generated-activity.adb:196:3:Tsurveillance_System_Detector_Impl_Port_Image_Arraybip	8	static
polyorb_hi_generated-activity.adb:184:3:Tsurveillance_System_Detector_Impl_Integer_Arraybip	8	static
polyorb_hi_generated-activity.adb:204:3:Tsurveillance_System_Detector_Impl_Overflow_Protocol_Arraybip	8	static
polyorb_hi_generated-activity.adb:264:8:Ut_Activity_Main_Detector1_Test_Destinations_Arrayip	8	static
polyorb_hi_generated-activity.adb:200:3:Tsurveillance_System_Detector_Impl_Address_Arraybip	8	static
polyorb_hi_generated-activity.adb:321:3:Tsurveillance_System_Detector_Impl1_Port_Kind_Arraybip	8	static
polyorb_hi_generated-activity.adb:329:3:Tsurveillance_System_Detector_Impl1_Port_Image_Arraybip	8	static
polyorb_hi_generated-activity.adb:317:3:Tsurveillance_System_Detector_Impl1_Integer_Arraybip	8	static
polyorb_hi_generated-activity.adb:337:3:Tsurveillance_System_Detector_Impl1_Overflow_Protocol_Arraybip	8	static
polyorb_hi_generated-activity.adb:397:8:Ut_Activity_Main_Detector2_Test_Destinations_Arrayip	8	static
polyorb_hi_generated-activity.adb:333:3:Tsurveillance_System_Detector_Impl1_Address_Arraybip	8	static
polyorb_hi_generated-activity.adb:454:3:Tsurveillance_System_Detector_Impl2_Port_Kind_Arraybip	8	static
polyorb_hi_generated-activity.adb:462:3:Tsurveillance_System_Detector_Impl2_Port_Image_Arraybip	8	static
polyorb_hi_generated-activity.adb:450:3:Tsurveillance_System_Detector_Impl2_Integer_Arraybip	8	static
polyorb_hi_generated-activity.adb:470:3:Tsurveillance_System_Detector_Impl2_Overflow_Protocol_Arraybip	8	static
polyorb_hi_generated-activity.adb:530:8:Ut_Activity_Main_Detector3_Test_Destinations_Arrayip	8	static
polyorb_hi_generated-activity.adb:466:3:Tsurveillance_System_Detector_Impl2_Address_Arraybip	8	static
polyorb_hi_generated-activity.adb:587:3:Tsurveillance_System_Rfid_Thread_Impl_Port_Kind_Arraybip	8	static
polyorb_hi_generated-activity.adb:595:3:Tsurveillance_System_Rfid_Thread_Impl_Port_Image_Arraybip	8	static
polyorb_hi_generated-activity.adb:583:3:Tsurveillance_System_Rfid_Thread_Impl_Integer_Arraybip	8	static
polyorb_hi_generated-activity.adb:603:3:Tsurveillance_System_Rfid_Thread_Impl_Overflow_Protocol_Arraybip	8	static
polyorb_hi_generated-activity.adb:676:8:Ut_Activity_Main_Rfid_Reader_Test_Destinations_Arrayip	8	static
polyorb_hi_generated-activity.adb:599:3:Tsurveillance_System_Rfid_Thread_Impl_Address_Arraybip	8	static
polyorb_hi_generated-activity.adb:733:3:Send_Output	16	static
polyorb_hi_generated-activity.adb:750:3:Put_Value	16	static
polyorb_hi_generated-activity.adb:766:3:Receive_Input	8	static
polyorb_hi_generated-activity.adb:782:3:Get_Value	16	static
polyorb_hi_generated-activity.adb:800:3:Get_Value	16	static
polyorb_hi_generated-activity.adb:823:3:Get_Sender	16	static
polyorb_hi_generated-activity.adb:846:3:Get_Count	16	static
polyorb_hi_generated-activity.adb:869:3:Get_Time_Stamp	16	static
polyorb_hi_generated-activity.adb:892:3:Next_Value	16	static
polyorb_hi_generated-activity.adb:908:3:Wait_For_Incoming_Events	16	static
polyorb_hi_generated-activity.adb:924:3:Store_Received_Message	16	static
polyorb_hi_generated-activity.adb:945:3:Send_Output	16	static
polyorb_hi_generated-activity.adb:962:3:Put_Value	16	static
polyorb_hi_generated-activity.adb:978:3:Receive_Input	8	static
polyorb_hi_generated-activity.adb:994:3:Get_Value	16	static
polyorb_hi_generated-activity.adb:1012:3:Get_Value	16	static
polyorb_hi_generated-activity.adb:1035:3:Get_Sender	16	static
polyorb_hi_generated-activity.adb:1058:3:Get_Count	16	static
polyorb_hi_generated-activity.adb:1081:3:Get_Time_Stamp	16	static
polyorb_hi_generated-activity.adb:1104:3:Next_Value	16	static
polyorb_hi_generated-activity.adb:1120:3:Wait_For_Incoming_Events	16	static
polyorb_hi_generated-activity.adb:1136:3:Store_Received_Message	16	static
polyorb_hi_generated-activity.adb:1157:3:Send_Output	16	static
polyorb_hi_generated-activity.adb:1174:3:Put_Value	16	static
polyorb_hi_generated-activity.adb:1190:3:Receive_Input	8	static
polyorb_hi_generated-activity.adb:1206:3:Get_Value	16	static
polyorb_hi_generated-activity.adb:1224:3:Get_Value	16	static
polyorb_hi_generated-activity.adb:1247:3:Get_Sender	16	static
polyorb_hi_generated-activity.adb:1270:3:Get_Count	16	static
polyorb_hi_generated-activity.adb:1293:3:Get_Time_Stamp	16	static
polyorb_hi_generated-activity.adb:1316:3:Next_Value	16	static
polyorb_hi_generated-activity.adb:1332:3:Wait_For_Incoming_Events	16	static
polyorb_hi_generated-activity.adb:1348:3:Store_Received_Message	16	static
polyorb_hi_generated-activity.adb:1369:3:Send_Output	16	static
polyorb_hi_generated-activity.adb:1386:3:Put_Value	16	static
polyorb_hi_generated-activity.adb:1402:3:Receive_Input	8	static
polyorb_hi_generated-activity.adb:1418:3:Get_Value	16	static
polyorb_hi_generated-activity.adb:1436:3:Get_Value	16	static
polyorb_hi_generated-activity.adb:1459:3:Get_Sender	16	static
polyorb_hi_generated-activity.adb:1482:3:Get_Count	16	static
polyorb_hi_generated-activity.adb:1505:3:Get_Time_Stamp	16	static
polyorb_hi_generated-activity.adb:1528:3:Next_Value	16	static
polyorb_hi_generated-activity.adb:1544:3:Wait_For_Incoming_Events	16	static
polyorb_hi_generated-activity.adb:1560:3:Store_Received_Message	16	static
polyorb_hi_generated-activity.adb:1581:3:Send_Output	16	static
polyorb_hi_generated-activity.adb:1598:3:Put_Value	16	static
polyorb_hi_generated-activity.adb:1614:3:Receive_Input	8	static
polyorb_hi_generated-activity.adb:1630:3:Get_Value	16	static
polyorb_hi_generated-activity.adb:1648:3:Get_Value	16	static
polyorb_hi_generated-activity.adb:1671:3:Get_Sender	16	static
polyorb_hi_generated-activity.adb:1694:3:Get_Count	16	static
polyorb_hi_generated-activity.adb:1717:3:Get_Time_Stamp	16	static
polyorb_hi_generated-activity.adb:1740:3:Next_Value	16	static
polyorb_hi_generated-activity.adb:1756:3:Wait_For_Incoming_Events	16	static
polyorb_hi_generated-activity.adb:1772:3:Store_Received_Message	16	static
polyorb_hi_generated-activity.adb:16:1:Activity	16	static
