polyorb_hi_generated-subprograms.ads:16:8:Event_Handlers_Alarm_Activator_Interfaceeq	8	static
polyorb_hi_generated-subprograms.ads:16:8:Event_Handlers_Alarm_Activator_Interfaceip	8	static
polyorb_hi_generated-subprograms.ads:223:8:Event_Handlers_Alarm_Activator_Statusip	8	static
polyorb_hi_generated-subprograms.ads:61:3:Event_Handlers_Detection_Handler_Interfaced2	8	static
polyorb_hi_generated-subprograms.ads:61:8:Event_Handlers_Detection_Handler_Interfaceeq	8	static
polyorb_hi_generated-subprograms.ads:61:8:Event_Handlers_Detection_Handler_Interfaceip	8	static
polyorb_hi_generated-subprograms.ads:228:8:Event_Handlers_Detection_Handler_Statusip	8	static
polyorb_hi_generated-subprograms.ads:102:3:Event_Handlers_Detection_Handler1_Interfaced2	8	static
polyorb_hi_generated-subprograms.ads:102:8:Event_Handlers_Detection_Handler1_Interfaceeq	8	static
polyorb_hi_generated-subprograms.ads:102:8:Event_Handlers_Detection_Handler1_Interfaceip	8	static
polyorb_hi_generated-subprograms.ads:234:8:Event_Handlers_Detection_Handler1_Statusip	8	static
polyorb_hi_generated-subprograms.ads:143:3:Event_Handlers_Detection_Handler2_Interfaced2	8	static
polyorb_hi_generated-subprograms.ads:143:8:Event_Handlers_Detection_Handler2_Interfaceeq	8	static
polyorb_hi_generated-subprograms.ads:143:8:Event_Handlers_Detection_Handler2_Interfaceip	8	static
polyorb_hi_generated-subprograms.ads:240:8:Event_Handlers_Detection_Handler2_Statusip	8	static
polyorb_hi_generated-subprograms.ads:184:3:Event_Handlers_Rfid_Handler_Interfaced2	8	static
polyorb_hi_generated-subprograms.ads:184:8:Event_Handlers_Rfid_Handler_Interfaceeq	8	static
polyorb_hi_generated-subprograms.ads:184:8:Event_Handlers_Rfid_Handler_Interfaceip	8	static
polyorb_hi_generated-subprograms.ads:246:8:Event_Handlers_Rfid_Handler_Statusip	8	static
polyorb_hi_generated-subprograms.adb:13:13:event_handlers_alarm_activator	16	static
polyorb_hi_generated-subprograms.adb:25:3:put_value	16	static
polyorb_hi_generated-subprograms.adb:42:3:get_value	16	static
polyorb_hi_generated-subprograms.adb:59:3:next_value	16	static
polyorb_hi_generated-subprograms.adb:75:3:get_count	16	static
polyorb_hi_generated-subprograms.adb:93:13:event_handlers_detection_handler	16	static
polyorb_hi_generated-subprograms.adb:101:3:put_value	16	static
polyorb_hi_generated-subprograms.adb:120:3:get_value	16	static
polyorb_hi_generated-subprograms.adb:138:3:next_value	16	static
polyorb_hi_generated-subprograms.adb:154:3:get_count	16	static
polyorb_hi_generated-subprograms.adb:172:13:event_handlers_detection_handler1	16	static
polyorb_hi_generated-subprograms.adb:180:3:put_value	16	static
polyorb_hi_generated-subprograms.adb:199:3:get_value	16	static
polyorb_hi_generated-subprograms.adb:217:3:next_value	16	static
polyorb_hi_generated-subprograms.adb:233:3:get_count	16	static
polyorb_hi_generated-subprograms.adb:251:13:event_handlers_detection_handler2	16	static
polyorb_hi_generated-subprograms.adb:259:3:put_value	16	static
polyorb_hi_generated-subprograms.adb:278:3:get_value	16	static
polyorb_hi_generated-subprograms.adb:296:3:next_value	16	static
polyorb_hi_generated-subprograms.adb:312:3:get_count	16	static
polyorb_hi_generated-subprograms.adb:330:13:event_handlers_rfid_handler	16	static
polyorb_hi_generated-subprograms.adb:338:3:put_value	16	static
polyorb_hi_generated-subprograms.adb:357:3:get_value	16	static
polyorb_hi_generated-subprograms.adb:375:3:next_value	16	static
polyorb_hi_generated-subprograms.adb:391:3:get_count	16	static
