polyorb_hi-periodic_task.adb:119:4:Next_Deadline	8	static
polyorb_hi-periodic_task.adb:119:4:Next_Deadline	8	static
polyorb_hi-periodic_task.adb:119:4:Next_Deadline	8	static
polyorb_hi-periodic_task.adb:119:4:Next_Deadline	8	static
polyorb_hi-periodic_task.adb:119:4:Next_Deadline	8	static
polyorb_hi-periodic_task.ads:63:19:Activate_Entrypoint	8	static
polyorb_hi-periodic_task.ads:67:19:Recover_Entrypoint	8	static
polyorb_hi-periodic_task.ads:73:4:The_Periodic_Tasktkvip	112	dynamic,bounded
polyorb_hi-periodic_task.ads:63:19:Activate_Entrypoint	8	static
polyorb_hi-periodic_task.ads:67:19:Recover_Entrypoint	8	static
polyorb_hi-periodic_task.ads:73:4:The_Periodic_Tasktkvip	112	dynamic,bounded
polyorb_hi-periodic_task.ads:63:19:Activate_Entrypoint	8	static
polyorb_hi-periodic_task.ads:67:19:Recover_Entrypoint	8	static
polyorb_hi-periodic_task.ads:73:4:The_Periodic_Tasktkvip	112	dynamic,bounded
polyorb_hi-periodic_task.ads:63:19:Activate_Entrypoint	8	static
polyorb_hi-periodic_task.ads:67:19:Recover_Entrypoint	8	static
polyorb_hi-periodic_task.ads:73:4:The_Periodic_Tasktkvip	112	dynamic,bounded
polyorb_hi-periodic_task.ads:63:19:Activate_Entrypoint	8	static
polyorb_hi-periodic_task.ads:67:19:Recover_Entrypoint	8	static
polyorb_hi-periodic_task.ads:73:4:The_Periodic_Tasktkvip	112	dynamic,bounded
polyorb_hi_generated-job.adb:31:3:Surveillance_System_Alarm_Job	80	static
polyorb_hi-periodic_task.adb:51:4:The_Periodic_Task	32	static
polyorb_hi_generated-job.adb:169:3:Surveillance_System_Detector1_Job	32	static
polyorb_hi-periodic_task.adb:51:4:The_Periodic_Task	32	static
polyorb_hi_generated-job.adb:219:3:Surveillance_System_Detector2_Job	32	static
polyorb_hi-periodic_task.adb:51:4:The_Periodic_Task	32	static
polyorb_hi_generated-job.adb:269:3:Surveillance_System_Detector3_Job	32	static
polyorb_hi-periodic_task.adb:51:4:The_Periodic_Task	32	static
polyorb_hi_generated-job.adb:319:3:Surveillance_System_Rfid_Reader_Job	32	static
polyorb_hi-periodic_task.adb:51:4:The_Periodic_Task	32	static
polyorb_hi_generated-job.ads:15:1:Job	112	dynamic,bounded
