polyorb_hi-marshallers_g.adb:53:4:Marshall	32	static
polyorb_hi-marshallers_g.adb:67:4:Unmarshall	32	static
polyorb_hi-marshallers_g.adb:53:4:Marshall	32	static
polyorb_hi-marshallers_g.adb:67:4:Unmarshall	32	static
polyorb_hi_generated-marshallers.adb:21:13:Marshall	16	static
polyorb_hi_generated-marshallers.adb:26:13:Unmarshall	16	static
polyorb_hi_generated-marshallers.adb:37:3:Marshall	8	static
polyorb_hi_generated-marshallers.adb:53:3:Unmarshall	32	static
polyorb_hi_generated-marshallers.adb:113:13:Marshall	16	static
polyorb_hi_generated-marshallers.adb:118:13:Unmarshall	16	static
polyorb_hi_generated-marshallers.adb:129:3:Marshall	16	static
polyorb_hi_generated-marshallers.adb:148:3:Unmarshall	16	static
polyorb_hi_generated-marshallers.adb:178:3:Marshall	16	static
polyorb_hi_generated-marshallers.adb:197:3:Unmarshall	16	static
polyorb_hi_generated-marshallers.adb:227:3:Marshall	16	static
polyorb_hi_generated-marshallers.adb:246:3:Unmarshall	16	static
polyorb_hi_generated-marshallers.adb:276:3:Marshall	16	static
polyorb_hi_generated-marshallers.adb:303:3:Unmarshall	16	static
